[2026-05-27T06:35:34Z] decide: spec={"file":"/Users/ankitjha/hydra/dispatch/test.ts","file_lines":25,"file_extension":"ts","task_type":"feature","enum_tier":5,"workspace":"hydra-self","in_playbook":false,"context_pct":30}
[2026-05-27T06:35:34Z] decide: matched=["ts_files_typecheck","small_file_no_huge_diff","hydra_self_no_autocommit","always_track_tokens"]
[2026-05-27T06:35:35Z] decide: spec={"file":"/abs/big.ts","file_lines":1200,"file_extension":"ts","task_type":"refactor","enum_tier":5,"workspace":"apphire","in_playbook":false,"context_pct":30}
[2026-05-27T06:35:35Z] decide: matched=["large_file_use_sr_blocks","ts_files_typecheck","large_file_strict_diff_cap","always_track_tokens"]
[2026-05-27T06:35:35Z] decide: spec={"file_count":5,"task_type":"rename","enum_tier":4,"workspace":"apphire","in_playbook":false,"context_pct":30}
[2026-05-27T06:35:35Z] decide: matched=["cross_file_use_agentic","multi_file_rename_atomic","always_track_tokens"]
[2026-05-27T06:35:36Z] decide: spec={"file":"/abs/foo.ts","file_lines":200,"file_extension":"ts","task_type":"feature","enum_tier":5,"workspace":"apphire","in_playbook":true,"stage_name":"ship","context_pct":40}
[2026-05-27T06:35:36Z] decide: matched=["playbook_build_or_ship_commits","ts_files_typecheck","always_track_tokens"]
[2026-05-27T06:35:37Z] decide: spec={"file":"/abs/foo.ts","file_lines":1500,"file_extension":"ts","task_type":"refactor","enum_tier":5,"workspace":"apphire","in_playbook":false,"context_pct":92}
[2026-05-27T06:35:37Z] decide: matched=["large_file_use_sr_blocks","high_context_skip_rubber_duck","emergency_context_force_rewrite","ts_files_typecheck","large_file_strict_diff_cap","always_track_tokens"]
[2026-05-27T06:37:37Z] decide: spec={"file":"/Users/ankitjha/hydra/context/policy_test.txt","file_lines":2,"file_extension":"txt","task_type":"feature","enum_tier":10,"workspace":"hydra-self","in_playbook":false,"context_pct":30}
[2026-05-27T06:37:37Z] decide: matched=["weak_tier_extra_validation","small_file_no_huge_diff","hydra_self_no_autocommit","always_track_tokens"]
[2026-05-27T06:41:01Z] decide: spec={"file":"/Users/ankitjha/hydra/context/par_x.txt","file_lines":2,"file_count":2,"file_extension":"txt","task_type":"feature","workspace":"hydra-self","has_git":false,"enum_tier":10,"in_playbook":false,"stage_name":"","context_pct":0,"prompt":"Replace 'hello' with 'HELLO'. Keep 'world' unchanged.","prompt_length":53}
[2026-05-27T06:41:01Z] decide: matched=["weak_tier_extra_validation","small_file_no_huge_diff","hydra_self_no_autocommit","always_track_tokens"]
[2026-05-27T06:41:03Z] decide: spec={"file":"/Users/ankitjha/hydra/context/par_y.txt","file_lines":2,"file_count":2,"file_extension":"txt","task_type":"feature","workspace":"hydra-self","has_git":false,"enum_tier":10,"in_playbook":false,"stage_name":"","context_pct":0,"prompt":"Replace 'foo' with 'FOO'. Keep 'bar' unchanged.","prompt_length":47}
[2026-05-27T06:41:03Z] decide: matched=["weak_tier_extra_validation","small_file_no_huge_diff","hydra_self_no_autocommit","always_track_tokens"]
[2026-05-27T06:48:49Z] decide: spec={"file":"/abs/foo.ts","file_lines":120,"file_extension":"ts","task_type":"feature","enum_tier":5,"workspace":"apphire","in_playbook":false,"context_pct":30,"has_git":true,"file_count":1}
[2026-05-27T06:48:49Z] decide: matched=["ts_files_typecheck","ts_strict_uses_test_loop","always_track_tokens"]
[2026-05-27T06:48:50Z] decide: spec={"file":"/abs/migrate.ts","file_lines":300,"file_extension":"ts","task_type":"migration","enum_tier":3,"workspace":"apphire","in_playbook":false,"context_pct":40,"has_git":true,"file_count":5}
[2026-05-27T06:48:50Z] decide: matched=["cross_file_use_agentic","migration_atomic","ts_files_typecheck","strong_tier_prefer_sr_blocks","migration_uses_test_loop","parallel_in_git_use_worktrees","cross_file_use_repo_map","defensive_for_security_or_migration","loop_modes_need_cost_ceiling","always_track_tokens"]
[2026-05-27T06:48:51Z] decide: spec={"file":"/abs/big.ts","file_lines":900,"file_extension":"ts","task_type":"feature","enum_tier":9,"workspace":"apphire","in_playbook":false,"context_pct":30,"has_git":true,"file_count":1}
[2026-05-27T06:48:51Z] decide: matched=["large_file_use_sr_blocks","weak_tier_extra_validation","ts_files_typecheck","weak_tier_force_rewrite","ts_strict_uses_test_loop","always_track_tokens"]
[2026-05-27T06:48:52Z] decide: spec={"file":"/abs/built.ts","file_lines":250,"file_extension":"ts","task_type":"feature","enum_tier":5,"workspace":"apphire","in_playbook":true,"stage_name":"ship","context_pct":40,"has_git":true,"file_count":4}
[2026-05-27T06:48:52Z] decide: matched=["cross_file_use_agentic","playbook_build_or_ship_commits","ts_files_typecheck","ts_strict_uses_test_loop","parallel_in_git_use_worktrees","cross_file_use_repo_map","playbook_ship_higher_budget","always_track_tokens"]
[2026-05-27T06:49:41Z] decide: spec={"file":"/abs/migrate.ts","file_lines":300,"file_extension":"ts","task_type":"migration","enum_tier":3,"workspace":"apphire","in_playbook":false,"context_pct":40,"has_git":true,"file_count":5}
[2026-05-27T06:49:41Z] decide: matched=["cross_file_use_agentic","migration_atomic","ts_files_typecheck","migration_uses_test_loop","parallel_in_git_use_worktrees","cross_file_use_repo_map","defensive_for_security_or_migration","loop_modes_need_cost_ceiling","always_track_tokens"]
[2026-05-27T06:49:42Z] decide: spec={"file":"/abs/big.ts","file_lines":900,"file_extension":"ts","task_type":"refactor","enum_tier":3,"workspace":"apphire","in_playbook":false,"context_pct":30,"has_git":true,"file_count":1}
[2026-05-27T06:49:42Z] decide: matched=["large_file_use_sr_blocks","ts_files_typecheck","strong_tier_prefer_sr_blocks","ts_strict_uses_test_loop","always_track_tokens"]
