[2026-05-26T21:21:16Z] scope: OK workspace=apphire path=core/foo.ts
[2026-05-26T21:21:16Z] scope: ERROR: DENIED by glob '**/.env*' in workspace 'apphire': /Users/ankitjha/apphire/core/.env
[2026-05-26T21:21:16Z] scope: ERROR: not in any allowed_glob for workspace 'apphire': package.json
[2026-05-26T21:21:16Z] scope: ERROR: no workspace contains /tmp/whatever.ts
[2026-05-26T21:23:48Z] scope: ERROR: DENIED by glob '**/.env*' in workspace 'apphire': /Users/ankitjha/apphire/core/.env
[2026-05-26T21:26:28Z] scope: OK workspace=hydra-self path=context/edit_test.txt
[2026-05-26T21:27:26Z] scope: OK workspace=hydra-self path=context/edit_test.txt
[2026-05-26T21:27:49Z] scope: OK workspace=hydra-self path=context/edit_test.txt
[2026-05-26T21:28:29Z] scope: OK workspace=hydra-self path=context/edit_test.txt
[2026-05-26T21:29:34Z] scope: OK workspace=hydra-self path=context/review_test.txt
[2026-05-26T21:29:40Z] scope: OK workspace=hydra-self path=context/review_test.txt
[2026-05-26T21:29:40Z] scope: OK workspace=hydra-self path=context/review_test.txt
[2026-05-26T21:31:51Z] scope: OK workspace=hydra-self path=context/review_test.txt
[2026-05-26T21:31:55Z] scope: OK workspace=hydra-self path=context/review_test.txt
[2026-05-26T21:31:55Z] scope: OK workspace=hydra-self path=context/review_test.txt
[2026-05-26T21:32:17Z] scope: OK workspace=hydra-self path=context/review_test.txt
[2026-05-26T21:32:22Z] scope: OK workspace=hydra-self path=context/review_test.txt
[2026-05-26T21:32:22Z] scope: OK workspace=hydra-self path=context/review_test.txt
[2026-05-26T21:34:19Z] scope: OK workspace=hydra-self path=context/par_a.txt
[2026-05-26T21:34:19Z] scope: OK workspace=hydra-self path=context/par_b.txt
[2026-05-26T21:34:28Z] scope: OK workspace=hydra-self path=context/par_a.txt
[2026-05-26T21:34:28Z] scope: OK workspace=hydra-self path=context/par_b.txt
[2026-05-26T21:34:28Z] scope: OK workspace=hydra-self path=context/par_a.txt
[2026-05-26T21:34:29Z] scope: OK workspace=hydra-self path=context/par_b.txt
[2026-05-27T06:06:27Z] scope: ERROR: no workspace contains /tmp/hydra-smoke/.hydra-probe
[2026-05-27T06:37:38Z] scope: OK workspace=hydra-self path=context/policy_test.txt
[2026-05-27T06:38:03Z] scope: OK workspace=hydra-self path=context/policy_test.txt
[2026-05-27T06:41:01Z] scope: OK workspace=hydra-self path=context/par_x.txt
[2026-05-27T06:41:03Z] scope: OK workspace=hydra-self path=context/par_y.txt
[2026-05-27T06:41:19Z] scope: OK workspace=hydra-self path=context/par_x.txt
[2026-05-27T06:41:20Z] scope: OK workspace=hydra-self path=context/par_y.txt
