
  By model
  ─────────────────────────────────────────────────────────────
  key                 calls     tok_in    tok_out          $   wall_s
  gemini-3.5-flash       42     120000      30000   1.234500       90
  claude-opus             3       9000       2500   4.567800       30
  ollama/qwen3:8b        90     400000     100000   0.000000      600
